{
  "type": "Block",
  "nodes": [
    {
      "type": "BlockComment",
      "val": "",
      "block": {
        "type": "Block",
        "nodes": [
          {
            "type": "Text",
            "val": "s/s.",
            "line": 2
          },
          {
            "type": "Text",
            "val": "\n",
            "line": 3
          },
          {
            "type": "Text",
            "val": "",
            "line": 3
          }
        ]
      },
      "buffer": true,
      "line": 1,
      "filename": "comments.source.tokens.json"
    },
    {
      "type": "Comment",
      "val": " test/cases/comments.source.jade",
      "buffer": true,
      "line": 4,
      "filename": "comments.source.tokens.json"
    },
    {
      "type": "Text",
      "val": "",
      "line": 5,
      "filename": "comments.source.tokens.json"
    },
    {
      "type": "BlockComment",
      "val": "",
      "block": {
        "type": "Block",
        "nodes": [
          {
            "type": "Text",
            "val": "test/cases/comments.source.jade",
            "line": 7
          },
          {
            "type": "Text",
            "val": "\n",
            "line": 8
          },
          {
            "type": "Text",
            "val": "when",
            "line": 8
          },
          {
            "type": "Text",
            "val": "\n",
            "line": 9
          },
          {
            "type": "Text",
            "val": "()",
            "line": 9
          }
        ]
      },
      "buffer": true,
      "line": 6,
      "filename": "comments.source.tokens.json"
    }
  ],
  "line": 0,
  "filename": "comments.source.tokens.json"
}
